<<<<<  COMANDOS UTILIZADOS PARA SUBIR A REPOSITORIO REMOTO CON RAMAS PARA ASEGURAR QUE EL CODIGO ESTE BIEN ANTES DE MODIFICAR EL ORGINAL >>>>>>


git init


git clone https://github.com/Miranda00/NamelessCats_POO012021.git



git checkout master



git status




git checkout -b branch01
//Crear una rama



git config --local user.email "00370819@uca.edu.sv"



git config --local user.name "GitBis"



git branch
//* branch01
    branch02
    main
todas las ramas locales


git checkout branch01
//Already on 'branch01'
//Escogemos la rama para subir archivos en el repositorio compartido



git status
//On branch branch01
//nothing to commit, working tree clean
//Para saber si hay alguna modificacion en el archivo que queremos subir


$ git add .



git commit -m "Modify: Program.cs, now is a multiplication"



git push origin branch01



--------------------------------------------------

                   Tutorials


https://www.youtube.com/watch?v=7IsEjfiwqaU&t=145s


https://www.youtube.com/watch?v=oVIhDp6qrj8&t=1473s




<<<<< EN CASO DE ERROR AL SUBIR A UN REPOSITORIO PERSONAL >>>>>>>>

CUANDO GIT SE ENOJA :(

ERROR:

PC GAMING@DESKTOP-QBU5VTK MINGW64 /d/CESAR/UCA/CICLO 1 2021/POO/Comandos (master)
$ git push -u origin master
To https://github.com/GitBis/GitRepos.git
 ! [rejected]        master -> master (fetch first)
error: failed to push some refs to 'https://github.com/GitBis/GitRepos.git'
hint: Updates were rejected because the remote contains work that you do
hint: not have locally. This is usually caused by another repository pushing
hint: to the same ref. You may want to first integrate the remote changes
hint: (e.g., 'git pull ...') before pushing again.
hint: See the 'Note about fast-forwards' in 'git push --help' for details.


SOLUCION:

git fetch


git pull


git pull origin master


git pull origin master --allow-unrelated-histories


git push -u origin master (intentar subir el archivo de nuevo)



-----------------------------------


SITUACION COMPLETA, CASO REAL:






PC GAMING@DESKTOP-QBU5VTK MINGW64 /d/CESAR/UCA/CICLO 1 2021/POO/Comandos (master)
$ git initi
git: 'initi' is not a git command. See 'git --help'.

The most similar command is
        init

PC GAMING@DESKTOP-QBU5VTK MINGW64 /d/CESAR/UCA/CICLO 1 2021/POO/Comandos (master)
$ git init
Initialized empty Git repository in D:/CESAR/UCA/CICLO 1 2021/POO/Comandos/.git/

PC GAMING@DESKTOP-QBU5VTK MINGW64 /d/CESAR/UCA/CICLO 1 2021/POO/Comandos (master)
$ git config --local user.email "00370819@uca.edu.sv"

PC GAMING@DESKTOP-QBU5VTK MINGW64 /d/CESAR/UCA/CICLO 1 2021/POO/Comandos (master)
$ git config --local user.name "GitBis"

PC GAMING@DESKTOP-QBU5VTK MINGW64 /d/CESAR/UCA/CICLO 1 2021/POO/Comandos (master)
$ git remote add origin https://github.com/GitBis/GitRepos.git

PC GAMING@DESKTOP-QBU5VTK MINGW64 /d/CESAR/UCA/CICLO 1 2021/POO/Comandos (master)
$ git add .

PC GAMING@DESKTOP-QBU5VTK MINGW64 /d/CESAR/UCA/CICLO 1 2021/POO/Comandos (master)
$ git commit -m "repositorio remoto y ramas"
[master (root-commit) 6f51111] repositorio remoto y ramas
 1 file changed, 72 insertions(+)
 create mode 100644 Comandos utilizados 2.txt

PC GAMING@DESKTOP-QBU5VTK MINGW64 /d/CESAR/UCA/CICLO 1 2021/POO/Comandos (master)
$ git pusj -u origin master
git: 'pusj' is not a git command. See 'git --help'.

The most similar command is
        push

PC GAMING@DESKTOP-QBU5VTK MINGW64 /d/CESAR/UCA/CICLO 1 2021/POO/Comandos (master)
$ git push -u origin master
To https://github.com/GitBis/GitRepos.git
 ! [rejected]        master -> master (fetch first)
error: failed to push some refs to 'https://github.com/GitBis/GitRepos.git'
hint: Updates were rejected because the remote contains work that you do
hint: not have locally. This is usually caused by another repository pushing
hint: to the same ref. You may want to first integrate the remote changes
hint: (e.g., 'git pull ...') before pushing again.
hint: See the 'Note about fast-forwards' in 'git push --help' for details.

PC GAMING@DESKTOP-QBU5VTK MINGW64 /d/CESAR/UCA/CICLO 1 2021/POO/Comandos (master)
$ git pusj -u origin master
git: 'pusj' is not a git command. See 'git --help'.

The most similar command is
        push

PC GAMING@DESKTOP-QBU5VTK MINGW64 /d/CESAR/UCA/CICLO 1 2021/POO/Comandos (master)
$ git push -u origin master
To https://github.com/GitBis/GitRepos.git
 ! [rejected]        master -> master (fetch first)
error: failed to push some refs to 'https://github.com/GitBis/GitRepos.git'
hint: Updates were rejected because the remote contains work that you do
hint: not have locally. This is usually caused by another repository pushing
hint: to the same ref. You may want to first integrate the remote changes
hint: (e.g., 'git pull ...') before pushing again.
hint: See the 'Note about fast-forwards' in 'git push --help' for details.

PC GAMING@DESKTOP-QBU5VTK MINGW64 /d/CESAR/UCA/CICLO 1 2021/POO/Comandos (master)
$ git remote add origin https://github.com/GitBis/GitRepos.git
error: remote origin already exists.

PC GAMING@DESKTOP-QBU5VTK MINGW64 /d/CESAR/UCA/CICLO 1 2021/POO/Comandos (master)
$ git remote rm origin

PC GAMING@DESKTOP-QBU5VTK MINGW64 /d/CESAR/UCA/CICLO 1 2021/POO/Comandos (master)
$ git add -A

PC GAMING@DESKTOP-QBU5VTK MINGW64 /d/CESAR/UCA/CICLO 1 2021/POO/Comandos (master)
$ git remote add origin https://github.com/GitBis/GitRepos.git

PC GAMING@DESKTOP-QBU5VTK MINGW64 /d/CESAR/UCA/CICLO 1 2021/POO/Comandos (master)
$ git config --local user.name "GitBis"

PC GAMING@DESKTOP-QBU5VTK MINGW64 /d/CESAR/UCA/CICLO 1 2021/POO/Comandos (master)
$ git add .

PC GAMING@DESKTOP-QBU5VTK MINGW64 /d/CESAR/UCA/CICLO 1 2021/POO/Comandos (master)
$ git commit -m "repositorio remoto y ramas"
On branch master
nothing to commit, working tree clean

PC GAMING@DESKTOP-QBU5VTK MINGW64 /d/CESAR/UCA/CICLO 1 2021/POO/Comandos (master)
$ git push -u origin master
To https://github.com/GitBis/GitRepos.git
 ! [rejected]        master -> master (fetch first)
error: failed to push some refs to 'https://github.com/GitBis/GitRepos.git'
hint: Updates were rejected because the remote contains work that you do
hint: not have locally. This is usually caused by another repository pushing
hint: to the same ref. You may want to first integrate the remote changes
hint: (e.g., 'git pull ...') before pushing again.
hint: See the 'Note about fast-forwards' in 'git push --help' for details.

PC GAMING@DESKTOP-QBU5VTK MINGW64 /d/CESAR/UCA/CICLO 1 2021/POO/Comandos (master)
$ git pull --rebase origin main
fatal: couldn't find remote ref main

PC GAMING@DESKTOP-QBU5VTK MINGW64 /d/CESAR/UCA/CICLO 1 2021/POO/Comandos (master)
$ git pull --rebase origin main
fatal: couldn't find remote ref main

PC GAMING@DESKTOP-QBU5VTK MINGW64 /d/CESAR/UCA/CICLO 1 2021/POO/Comandos (master)
$ git push origin main
error: src refspec main does not match any
error: failed to push some refs to 'https://github.com/GitBis/GitRepos.git'

PC GAMING@DESKTOP-QBU5VTK MINGW64 /d/CESAR/UCA/CICLO 1 2021/POO/Comandos (master)
$ git pull origin development
fatal: couldn't find remote ref development

PC GAMING@DESKTOP-QBU5VTK MINGW64 /d/CESAR/UCA/CICLO 1 2021/POO/Comandos (master)
$ git push --set-upstream origin master
To https://github.com/GitBis/GitRepos.git
 ! [rejected]        master -> master (fetch first)
error: failed to push some refs to 'https://github.com/GitBis/GitRepos.git'
hint: Updates were rejected because the remote contains work that you do
hint: not have locally. This is usually caused by another repository pushing
hint: to the same ref. You may want to first integrate the remote changes
hint: (e.g., 'git pull ...') before pushing again.
hint: See the 'Note about fast-forwards' in 'git push --help' for details.

PC GAMING@DESKTOP-QBU5VTK MINGW64 /d/CESAR/UCA/CICLO 1 2021/POO/Comandos (master)
$ git remote add origin https://github.com/GitBis/GitRepos.git
error: remote origin already exists.

PC GAMING@DESKTOP-QBU5VTK MINGW64 /d/CESAR/UCA/CICLO 1 2021/POO/Comandos (master)
$

PC GAMING@DESKTOP-QBU5VTK MINGW64 /d/CESAR/UCA/CICLO 1 2021/POO/Comandos (master)
$ git fetch
remote: Enumerating objects: 9, done.
remote: Counting objects: 100% (9/9), done.
remote: Compressing objects: 100% (7/7), done.
remote: Total 9 (delta 1), reused 8 (delta 0), pack-reused 0
Unpacking objects: 100% (9/9), 67.19 KiB | 202.00 KiB/s, done.
From https://github.com/GitBis/GitRepos
 * [new branch]      master     -> origin/master

PC GAMING@DESKTOP-QBU5VTK MINGW64 /d/CESAR/UCA/CICLO 1 2021/POO/Comandos (master)
$ git pull
There is no tracking information for the current branch.
Please specify which branch you want to merge with.
See git-pull(1) for details.

    git pull <remote> <branch>

If you wish to set tracking information for this branch you can do so with:

    git branch --set-upstream-to=origin/<branch> master


PC GAMING@DESKTOP-QBU5VTK MINGW64 /d/CESAR/UCA/CICLO 1 2021/POO/Comandos (master)
$ git push -u origin master
To https://github.com/GitBis/GitRepos.git
 ! [rejected]        master -> master (non-fast-forward)
error: failed to push some refs to 'https://github.com/GitBis/GitRepos.git'
hint: Updates were rejected because the tip of your current branch is behind
hint: its remote counterpart. Integrate the remote changes (e.g.
hint: 'git pull ...') before pushing again.
hint: See the 'Note about fast-forwards' in 'git push --help' for details.

PC GAMING@DESKTOP-QBU5VTK MINGW64 /d/CESAR/UCA/CICLO 1 2021/POO/Comandos (master)
$ git pull origin master
From https://github.com/GitBis/GitRepos
 * branch            master     -> FETCH_HEAD
fatal: refusing to merge unrelated histories

PC GAMING@DESKTOP-QBU5VTK MINGW64 /d/CESAR/UCA/CICLO 1 2021/POO/Comandos (master)
$ git push -u origin master --allow-unrelated-histories
error: unknown option `allow-unrelated-histories'
usage: git push [<options>] [<repository> [<refspec>...]]

    -v, --verbose         be more verbose
    -q, --quiet           be more quiet
    --repo <repository>   repository
    --all                 push all refs
    --mirror              mirror all refs
    -d, --delete          delete refs
    --tags                push tags (can't be used with --all or --mirror)
    -n, --dry-run         dry run
    --porcelain           machine-readable output
    -f, --force           force updates
    --force-with-lease[=<refname>:<expect>]
                          require old value of ref to be at this value
    --force-if-includes   require remote updates to be integrated locally
    --recurse-submodules (check|on-demand|no)
                          control recursive pushing of submodules
    --thin                use thin pack
    --receive-pack <receive-pack>
                          receive pack program
    --exec <receive-pack>
                          receive pack program
    -u, --set-upstream    set upstream for git pull/status
    --progress            force progress reporting
    --prune               prune locally removed refs
    --no-verify           bypass pre-push hook
    --follow-tags         push missing but relevant tags
    --signed[=(yes|no|if-asked)]
                          GPG sign the push
    --atomic              request atomic transaction on remote side
    -o, --push-option <server-specific>
                          option to transmit
    -4, --ipv4            use IPv4 addresses only
    -6, --ipv6            use IPv6 addresses only


PC GAMING@DESKTOP-QBU5VTK MINGW64 /d/CESAR/UCA/CICLO 1 2021/POO/Comandos (master)
$ git pull -u origin master --allow-unrelated-histories
error: unknown switch `u'
usage: git pull [<options>] [<repository> [<refspec>...]]

    -v, --verbose         be more verbose
    -q, --quiet           be more quiet
    --progress            force progress reporting
    --recurse-submodules[=<on-demand>]
                          control for recursive fetching of submodules

Options related to merging
    -r, --rebase[=(false|true|merges|preserve|interactive)]
                          incorporate changes by rebasing rather than merging
    -n                    do not show a diffstat at the end of the merge
    --stat                show a diffstat at the end of the merge
    --log[=<n>]           add (at most <n>) entries from shortlog to merge commit message
    --signoff[=...]       add a Signed-off-by trailer
    --squash              create a single commit instead of doing a merge
    --commit              perform a commit if the merge succeeds (default)
    --edit                edit message before committing
    --cleanup <mode>      how to strip spaces and #comments from message
    --ff                  allow fast-forward
    --ff-only             abort if fast-forward is not possible
    --verify-signatures   verify that the named commit has a valid GPG signature
    --autostash           automatically stash/stash pop before and after
    -s, --strategy <strategy>
                          merge strategy to use
    -X, --strategy-option <option=value>
                          option for selected merge strategy
    -S, --gpg-sign[=<key-id>]
                          GPG sign commit
    --allow-unrelated-histories
                          allow merging unrelated histories

Options related to fetching
    --all                 fetch from all remotes
    -a, --append          append to .git/FETCH_HEAD instead of overwriting
    --upload-pack <path>  path to upload pack on remote end
    -f, --force           force overwrite of local branch
    -t, --tags            fetch all tags and associated objects
    -p, --prune           prune remote-tracking branches no longer on remote
    -j, --jobs[=<n>]      number of submodules pulled in parallel
    --dry-run             dry run
    -k, --keep            keep downloaded pack
    --depth <depth>       deepen history of shallow clone
    --shallow-since <time>
                          deepen history of shallow repository based on time
    --shallow-exclude <revision>
                          deepen history of shallow clone, excluding rev
    --deepen <n>          deepen history of shallow clone
    --unshallow           convert to a complete repository
    --update-shallow      accept refs that update .git/shallow
    --refmap <refmap>     specify fetch refmap
    -o, --server-option <server-specific>
                          option to transmit
    -4, --ipv4            use IPv4 addresses only
    -6, --ipv6            use IPv6 addresses only
    --negotiation-tip <revision>
                          report that we have only objects reachable from this object
    --show-forced-updates
                          check for forced-updates on all updated branches
    --set-upstream        set upstream for git pull/fetch


PC GAMING@DESKTOP-QBU5VTK MINGW64 /d/CESAR/UCA/CICLO 1 2021/POO/Comandos (master)
$ git pull origin master --allow-unrelated-histories
From https://github.com/GitBis/GitRepos
 * branch            master     -> FETCH_HEAD
Merge made by the 'recursive' strategy.
 Comandos utilizados.txt |  96 ++++++++++++++++++++++++++++++++++++++++++++++++
 GitHub-Octocat.jpg      | Bin 0 -> 77248 bytes
 prueba1.txt             |   0
 3 files changed, 96 insertions(+)
 create mode 100644 Comandos utilizados.txt
 create mode 100644 GitHub-Octocat.jpg
 create mode 100644 prueba1.txt

PC GAMING@DESKTOP-QBU5VTK MINGW64 /d/CESAR/UCA/CICLO 1 2021/POO/Comandos (master)
$ git push -u origin master
Enumerating objects: 6, done.
Counting objects: 100% (6/6), done.
Delta compression using up to 8 threads
Compressing objects: 100% (5/5), done.
Writing objects: 100% (5/5), 1.01 KiB | 1.01 MiB/s, done.
Total 5 (delta 2), reused 0 (delta 0), pack-reused 0
remote: Resolving deltas: 100% (2/2), completed with 1 local object.
To https://github.com/GitBis/GitRepos.git
   6fa481e..ac6c303  master -> master
Branch 'master' set up to track remote branch 'master' from 'origin'.




FIN, SOLUCIONADO, GRACIAS HAROLD :3


